{
  "foo": "foo_4y20Hz",
  "bar": "bar_4y20Hz",
  "keyframe-1": "keyframe-1_4y20Hz",
  "keyframe-2": "keyframe-2_4y20Hz"
}
