{
  "animation": "animation_4cERL0",
  "hover": "hover_4cERL0"
}
